// Jest Snapshot v1, https://goo.gl/fbAQLP

exports[`ErrorWidget Component Snapshot Test renders correctly 1`] = `
<div
  className="MuiPaper-root MuiPaper-elevation1 MuiPaper-rounded"
>
  <li
    className="MuiListItem-root MuiListItem-gutters"
    disabled={false}
  >
    <div
      className="MuiListItemIcon-root"
    >
      <svg
        aria-hidden="true"
        className="MuiSvgIcon-root MuiSvgIcon-colorError"
        focusable="false"
        role="presentation"
        viewBox="0 0 24 24"
      >
        <path
          d="M12 2C6.48 2 2 6.48 2 12s4.48 10 10 10 10-4.48 10-10S17.52 2 12 2zm1 15h-2v-2h2v2zm0-4h-2V7h2v6z"
        />
      </svg>
    </div>
    <div
      className="MuiListItemText-root"
    >
      <span
        className="MuiTypography-root MuiListItemText-primary MuiTypography-body1"
      >
        Something went wrong..
      </span>
    </div>
  </li>
</div>
`;
